
> react-kavia@0.1.0 start
> react-scripts start

Attempting to bind to HOST environment variable: 0.0.0.0
If this was unintentional, check that you haven't mistakenly set it in your shell.
Learn more here: https://cra.link/advanced-config

(node:2247) [DEP_WEBPACK_DEV_SERVER_ON_AFTER_SETUP_MIDDLEWARE] DeprecationWarning: 'onAfterSetupMiddleware' option is deprecated. Please use the 'setupMiddlewares' option.
(Use `node --trace-deprecation ...` to show where the warning was created)
(node:2247) [DEP_WEBPACK_DEV_SERVER_ON_BEFORE_SETUP_MIDDLEWARE] DeprecationWarning: 'onBeforeSetupMiddleware' option is deprecated. Please use the 'setupMiddlewares' option.
Starting the development server...

Compiled successfully!

You can now view react-kavia in the browser.

  Local:            http://localhost:3000
  On Your Network:  http://172.17.0.2:3000

Note that the development build is not optimized.
To create a production build, use npm run build.

webpack compiled successfully
Compiling...
Failed to compile.

Module not found: Error: Can't resolve './components/DrawingDashboard' in '/home/kavia/workspace/code-generation/artquest-wildlife-guess--create-107002-cc64b279/react_frontend/src'
WARNING in [eslint] 
src/App.js
  Line 1:38:    'useRef' is defined but never used           no-unused-vars
  Line 15:3:    'setDoc' is defined but never used           no-unused-vars
  Line 17:3:    'getDoc' is defined but never used           no-unused-vars
  Line 18:3:    'getDocs' is defined but never used          no-unused-vars
  Line 21:3:    'increment' is defined but never used        no-unused-vars
  Line 137:13:  'docRef' is assigned a value but never used  no-unused-vars

ERROR in ./src/App.js 11:0-61
Module not found: Error: Can't resolve './components/DrawingDashboard' in '/home/kavia/workspace/code-generation/artquest-wildlife-guess--create-107002-cc64b279/react_frontend/src'

ERROR in ./src/App.js 12:0-59
Module not found: Error: Can't resolve './components/AddDrawingModal' in '/home/kavia/workspace/code-generation/artquest-wildlife-guess--create-107002-cc64b279/react_frontend/src'

ERROR in ./src/App.js 13:0-65
Module not found: Error: Can't resolve './components/DrawingCanvasModal' in '/home/kavia/workspace/code-generation/artquest-wildlife-guess--create-107002-cc64b279/react_frontend/src'

webpack compiled with 3 errors and 1 warning
Compiling...
Failed to compile.

Module not found: Error: Can't resolve './components/AddDrawingModal' in '/home/kavia/workspace/code-generation/artquest-wildlife-guess--create-107002-cc64b279/react_frontend/src'
WARNING in [eslint] 
src/App.js
  Line 1:38:    'useRef' is defined but never used           no-unused-vars
  Line 15:3:    'setDoc' is defined but never used           no-unused-vars
  Line 17:3:    'getDoc' is defined but never used           no-unused-vars
  Line 18:3:    'getDocs' is defined but never used          no-unused-vars
  Line 21:3:    'increment' is defined but never used        no-unused-vars
  Line 137:13:  'docRef' is assigned a value but never used  no-unused-vars

ERROR in ./src/App.js 12:0-59
Module not found: Error: Can't resolve './components/AddDrawingModal' in '/home/kavia/workspace/code-generation/artquest-wildlife-guess--create-107002-cc64b279/react_frontend/src'

ERROR in ./src/App.js 13:0-65
Module not found: Error: Can't resolve './components/DrawingCanvasModal' in '/home/kavia/workspace/code-generation/artquest-wildlife-guess--create-107002-cc64b279/react_frontend/src'

ERROR in ./src/components/DrawingDashboard.js 5:0-40
Module not found: Error: Can't resolve './DrawingCard' in '/home/kavia/workspace/code-generation/artquest-wildlife-guess--create-107002-cc64b279/react_frontend/src/components'

ERROR in ./src/components/DrawingDashboard.js 6:0-32
Module not found: Error: Can't resolve './DrawingDashboard.css' in '/home/kavia/workspace/code-generation/artquest-wildlife-guess--create-107002-cc64b279/react_frontend/src/components'

webpack compiled with 4 errors and 1 warning
Compiling...
Failed to compile.

Module not found: Error: Can't resolve './components/AddDrawingModal' in '/home/kavia/workspace/code-generation/artquest-wildlife-guess--create-107002-cc64b279/react_frontend/src'
WARNING in [eslint] 
src/App.js
  Line 1:38:    'useRef' is defined but never used           no-unused-vars
  Line 15:3:    'setDoc' is defined but never used           no-unused-vars
  Line 17:3:    'getDoc' is defined but never used           no-unused-vars
  Line 18:3:    'getDocs' is defined but never used          no-unused-vars
  Line 21:3:    'increment' is defined but never used        no-unused-vars
  Line 137:13:  'docRef' is assigned a value but never used  no-unused-vars

src/components/DrawingCard.js
  Line 1:17:   'useRef' is defined but never used              no-unused-vars
  Line 25:10:  'submitted' is assigned a value but never used  no-unused-vars

ERROR in ./src/App.js 12:0-59
Module not found: Error: Can't resolve './components/AddDrawingModal' in '/home/kavia/workspace/code-generation/artquest-wildlife-guess--create-107002-cc64b279/react_frontend/src'

ERROR in ./src/App.js 13:0-65
Module not found: Error: Can't resolve './components/DrawingCanvasModal' in '/home/kavia/workspace/code-generation/artquest-wildlife-guess--create-107002-cc64b279/react_frontend/src'

ERROR in ./src/components/DrawingCard.js 6:0-27
Module not found: Error: Can't resolve './DrawingCard.css' in '/home/kavia/workspace/code-generation/artquest-wildlife-guess--create-107002-cc64b279/react_frontend/src/components'

ERROR in ./src/components/DrawingDashboard.js 6:0-32
Module not found: Error: Can't resolve './DrawingDashboard.css' in '/home/kavia/workspace/code-generation/artquest-wildlife-guess--create-107002-cc64b279/react_frontend/src/components'

webpack compiled with 4 errors and 1 warning
Compiling...
Failed to compile.

Module not found: Error: Can't resolve './components/DrawingCanvasModal' in '/home/kavia/workspace/code-generation/artquest-wildlife-guess--create-107002-cc64b279/react_frontend/src'
WARNING in [eslint] 
src/App.js
  Line 1:38:    'useRef' is defined but never used           no-unused-vars
  Line 15:3:    'setDoc' is defined but never used           no-unused-vars
  Line 17:3:    'getDoc' is defined but never used           no-unused-vars
  Line 18:3:    'getDocs' is defined but never used          no-unused-vars
  Line 21:3:    'increment' is defined but never used        no-unused-vars
  Line 137:13:  'docRef' is assigned a value but never used  no-unused-vars

src/components/DrawingCard.js
  Line 1:17:   'useRef' is defined but never used              no-unused-vars
  Line 25:10:  'submitted' is assigned a value but never used  no-unused-vars

ERROR in ./src/App.js 13:0-65
Module not found: Error: Can't resolve './components/DrawingCanvasModal' in '/home/kavia/workspace/code-generation/artquest-wildlife-guess--create-107002-cc64b279/react_frontend/src'

ERROR in ./src/components/AddDrawingModal.js 6:0-31
Module not found: Error: Can't resolve './AddDrawingModal.css' in '/home/kavia/workspace/code-generation/artquest-wildlife-guess--create-107002-cc64b279/react_frontend/src/components'

ERROR in ./src/components/DrawingCard.js 6:0-27
Module not found: Error: Can't resolve './DrawingCard.css' in '/home/kavia/workspace/code-generation/artquest-wildlife-guess--create-107002-cc64b279/react_frontend/src/components'

ERROR in ./src/components/DrawingDashboard.js 6:0-32
Module not found: Error: Can't resolve './DrawingDashboard.css' in '/home/kavia/workspace/code-generation/artquest-wildlife-guess--create-107002-cc64b279/react_frontend/src/components'

webpack compiled with 4 errors and 1 warning
Compiling...
Failed to compile.

Module not found: Error: Can't resolve './AddDrawingModal.css' in '/home/kavia/workspace/code-generation/artquest-wildlife-guess--create-107002-cc64b279/react_frontend/src/components'
WARNING in [eslint] 
src/App.js
  Line 1:38:    'useRef' is defined but never used           no-unused-vars
  Line 15:3:    'setDoc' is defined but never used           no-unused-vars
  Line 17:3:    'getDoc' is defined but never used           no-unused-vars
  Line 18:3:    'getDocs' is defined but never used          no-unused-vars
  Line 21:3:    'increment' is defined but never used        no-unused-vars
  Line 137:13:  'docRef' is assigned a value but never used  no-unused-vars

src/components/DrawingCanvasModal.js
  Line 16:10:   'drawing' is assigned a value but never used                                                                     no-unused-vars
  Line 121:70:  React Hook useEffect has a missing dependency: 'handleFinish'. Either include it or remove the dependency array  react-hooks/exhaustive-deps

src/components/DrawingCard.js
  Line 1:17:   'useRef' is defined but never used              no-unused-vars
  Line 25:10:  'submitted' is assigned a value but never used  no-unused-vars

ERROR in ./src/components/AddDrawingModal.js 6:0-31
Module not found: Error: Can't resolve './AddDrawingModal.css' in '/home/kavia/workspace/code-generation/artquest-wildlife-guess--create-107002-cc64b279/react_frontend/src/components'

ERROR in ./src/components/DrawingCanvasModal.js 6:0-34
Module not found: Error: Can't resolve './DrawingCanvasModal.css' in '/home/kavia/workspace/code-generation/artquest-wildlife-guess--create-107002-cc64b279/react_frontend/src/components'

ERROR in ./src/components/DrawingCard.js 6:0-27
Module not found: Error: Can't resolve './DrawingCard.css' in '/home/kavia/workspace/code-generation/artquest-wildlife-guess--create-107002-cc64b279/react_frontend/src/components'

ERROR in ./src/components/DrawingDashboard.js 6:0-32
Module not found: Error: Can't resolve './DrawingDashboard.css' in '/home/kavia/workspace/code-generation/artquest-wildlife-guess--create-107002-cc64b279/react_frontend/src/components'

webpack compiled with 4 errors and 1 warning
Compiling...
Failed to compile.

Module not found: Error: Can't resolve './AddDrawingModal.css' in '/home/kavia/workspace/code-generation/artquest-wildlife-guess--create-107002-cc64b279/react_frontend/src/components'
WARNING in [eslint] 
src/App.js
  Line 1:38:    'useRef' is defined but never used           no-unused-vars
  Line 15:3:    'setDoc' is defined but never used           no-unused-vars
  Line 17:3:    'getDoc' is defined but never used           no-unused-vars
  Line 18:3:    'getDocs' is defined but never used          no-unused-vars
  Line 21:3:    'increment' is defined but never used        no-unused-vars
  Line 137:13:  'docRef' is assigned a value but never used  no-unused-vars

src/components/DrawingCanvasModal.js
  Line 16:10:   'drawing' is assigned a value but never used                                                                     no-unused-vars
  Line 121:70:  React Hook useEffect has a missing dependency: 'handleFinish'. Either include it or remove the dependency array  react-hooks/exhaustive-deps

src/components/DrawingCard.js
  Line 1:17:   'useRef' is defined but never used              no-unused-vars
  Line 25:10:  'submitted' is assigned a value but never used  no-unused-vars

ERROR in ./src/components/AddDrawingModal.js 6:0-31
Module not found: Error: Can't resolve './AddDrawingModal.css' in '/home/kavia/workspace/code-generation/artquest-wildlife-guess--create-107002-cc64b279/react_frontend/src/components'

ERROR in ./src/components/DrawingCanvasModal.js 6:0-34
Module not found: Error: Can't resolve './DrawingCanvasModal.css' in '/home/kavia/workspace/code-generation/artquest-wildlife-guess--create-107002-cc64b279/react_frontend/src/components'

ERROR in ./src/components/DrawingCard.js 6:0-27
Module not found: Error: Can't resolve './DrawingCard.css' in '/home/kavia/workspace/code-generation/artquest-wildlife-guess--create-107002-cc64b279/react_frontend/src/components'

webpack compiled with 3 errors and 1 warning
Compiling...
Failed to compile.

Module not found: Error: Can't resolve './AddDrawingModal.css' in '/home/kavia/workspace/code-generation/artquest-wildlife-guess--create-107002-cc64b279/react_frontend/src/components'
WARNING in [eslint] 
src/App.js
  Line 1:38:    'useRef' is defined but never used           no-unused-vars
  Line 15:3:    'setDoc' is defined but never used           no-unused-vars
  Line 17:3:    'getDoc' is defined but never used           no-unused-vars
  Line 18:3:    'getDocs' is defined but never used          no-unused-vars
  Line 21:3:    'increment' is defined but never used        no-unused-vars
  Line 137:13:  'docRef' is assigned a value but never used  no-unused-vars

src/components/DrawingCanvasModal.js
  Line 16:10:   'drawing' is assigned a value but never used                                                                     no-unused-vars
  Line 121:70:  React Hook useEffect has a missing dependency: 'handleFinish'. Either include it or remove the dependency array  react-hooks/exhaustive-deps

src/components/DrawingCard.js
  Line 1:17:   'useRef' is defined but never used              no-unused-vars
  Line 25:10:  'submitted' is assigned a value but never used  no-unused-vars

ERROR in ./src/components/AddDrawingModal.js 6:0-31
Module not found: Error: Can't resolve './AddDrawingModal.css' in '/home/kavia/workspace/code-generation/artquest-wildlife-guess--create-107002-cc64b279/react_frontend/src/components'

ERROR in ./src/components/DrawingCanvasModal.js 6:0-34
Module not found: Error: Can't resolve './DrawingCanvasModal.css' in '/home/kavia/workspace/code-generation/artquest-wildlife-guess--create-107002-cc64b279/react_frontend/src/components'

webpack compiled with 2 errors and 1 warning
Compiling...
Failed to compile.

Module not found: Error: Can't resolve './DrawingCanvasModal.css' in '/home/kavia/workspace/code-generation/artquest-wildlife-guess--create-107002-cc64b279/react_frontend/src/components'
WARNING in [eslint] 
src/App.js
  Line 1:38:    'useRef' is defined but never used           no-unused-vars
  Line 15:3:    'setDoc' is defined but never used           no-unused-vars
  Line 17:3:    'getDoc' is defined but never used           no-unused-vars
  Line 18:3:    'getDocs' is defined but never used          no-unused-vars
  Line 21:3:    'increment' is defined but never used        no-unused-vars
  Line 137:13:  'docRef' is assigned a value but never used  no-unused-vars

src/components/DrawingCanvasModal.js
  Line 16:10:   'drawing' is assigned a value but never used                                                                     no-unused-vars
  Line 121:70:  React Hook useEffect has a missing dependency: 'handleFinish'. Either include it or remove the dependency array  react-hooks/exhaustive-deps

src/components/DrawingCard.js
  Line 1:17:   'useRef' is defined but never used              no-unused-vars
  Line 25:10:  'submitted' is assigned a value but never used  no-unused-vars

ERROR in ./src/components/DrawingCanvasModal.js 6:0-34
Module not found: Error: Can't resolve './DrawingCanvasModal.css' in '/home/kavia/workspace/code-generation/artquest-wildlife-guess--create-107002-cc64b279/react_frontend/src/components'

webpack compiled with 1 error and 1 warning
Compiling...
Compiled with warnings.

[eslint] 
src/App.js
  Line 1:38:    'useRef' is defined but never used           no-unused-vars
  Line 15:3:    'setDoc' is defined but never used           no-unused-vars
  Line 17:3:    'getDoc' is defined but never used           no-unused-vars
  Line 18:3:    'getDocs' is defined but never used          no-unused-vars
  Line 21:3:    'increment' is defined but never used        no-unused-vars
  Line 137:13:  'docRef' is assigned a value but never used  no-unused-vars

src/components/DrawingCanvasModal.js
  Line 16:10:   'drawing' is assigned a value but never used                                                                     no-unused-vars
  Line 121:70:  React Hook useEffect has a missing dependency: 'handleFinish'. Either include it or remove the dependency array  react-hooks/exhaustive-deps

src/components/DrawingCard.js
  Line 1:17:   'useRef' is defined but never used              no-unused-vars
  Line 25:10:  'submitted' is assigned a value but never used  no-unused-vars

Search for the keywords to learn more about each warning.
To ignore, add // eslint-disable-next-line to the line before.

WARNING in [eslint] 
src/App.js
  Line 1:38:    'useRef' is defined but never used           no-unused-vars
  Line 15:3:    'setDoc' is defined but never used           no-unused-vars
  Line 17:3:    'getDoc' is defined but never used           no-unused-vars
  Line 18:3:    'getDocs' is defined but never used          no-unused-vars
  Line 21:3:    'increment' is defined but never used        no-unused-vars
  Line 137:13:  'docRef' is assigned a value but never used  no-unused-vars

src/components/DrawingCanvasModal.js
  Line 16:10:   'drawing' is assigned a value but never used                                                                     no-unused-vars
  Line 121:70:  React Hook useEffect has a missing dependency: 'handleFinish'. Either include it or remove the dependency array  react-hooks/exhaustive-deps

src/components/DrawingCard.js
  Line 1:17:   'useRef' is defined but never used              no-unused-vars
  Line 25:10:  'submitted' is assigned a value but never used  no-unused-vars

webpack compiled with 1 warning
Compiling...
Compiled with warnings.

[eslint] 
src/App.js
  Line 1:38:    'useRef' is defined but never used           no-unused-vars
  Line 15:3:    'setDoc' is defined but never used           no-unused-vars
  Line 17:3:    'getDoc' is defined but never used           no-unused-vars
  Line 18:3:    'getDocs' is defined but never used          no-unused-vars
  Line 21:3:    'increment' is defined but never used        no-unused-vars
  Line 137:13:  'docRef' is assigned a value but never used  no-unused-vars

src/components/DrawingCanvasModal.js
  Line 16:10:   'drawing' is assigned a value but never used                                                                     no-unused-vars
  Line 121:70:  React Hook useEffect has a missing dependency: 'handleFinish'. Either include it or remove the dependency array  react-hooks/exhaustive-deps

src/components/DrawingCard.js
  Line 1:17:   'useRef' is defined but never used              no-unused-vars
  Line 25:10:  'submitted' is assigned a value but never used  no-unused-vars

Search for the keywords to learn more about each warning.
To ignore, add // eslint-disable-next-line to the line before.

WARNING in [eslint] 
src/App.js
  Line 1:38:    'useRef' is defined but never used           no-unused-vars
  Line 15:3:    'setDoc' is defined but never used           no-unused-vars
  Line 17:3:    'getDoc' is defined but never used           no-unused-vars
  Line 18:3:    'getDocs' is defined but never used          no-unused-vars
  Line 21:3:    'increment' is defined but never used        no-unused-vars
  Line 137:13:  'docRef' is assigned a value but never used  no-unused-vars

src/components/DrawingCanvasModal.js
  Line 16:10:   'drawing' is assigned a value but never used                                                                     no-unused-vars
  Line 121:70:  React Hook useEffect has a missing dependency: 'handleFinish'. Either include it or remove the dependency array  react-hooks/exhaustive-deps

src/components/DrawingCard.js
  Line 1:17:   'useRef' is defined but never used              no-unused-vars
  Line 25:10:  'submitted' is assigned a value but never used  no-unused-vars

webpack compiled with 1 warning
